// Jest Snapshot v1, https://goo.gl/fbAQLP

exports[`banpicker section snapshot test 1`] = `
Object {
  "asFragment": [Function],
  "baseElement": <body>
    <div>
      <div
        class="target css-1hzir52"
      >
        <div
          class="css-15z58y6"
        >
          <div
            class="css-h2mica"
          >
            <span
              class="css-1d7eyad"
            >
              Skill Navigator
            </span>
          </div>
          <div
            class="css-wyy442"
          >
            <span
              class="css-1fqqz26"
            >
              Personal Data Manager for GITADORA
            </span>
          </div>
          <div
            class="css-1w7pkgh"
          >
            <button
              class="css-2j4jox"
            >
              GO TO SKILL NAVIGATOR
            </button>
          </div>
        </div>
      </div>
    </div>
  </body>,
  "container": <div>
    <div
      class="target css-1hzir52"
    >
      <div
        class="css-15z58y6"
      >
        <div
          class="css-h2mica"
        >
          <span
            class="css-1d7eyad"
          >
            Skill Navigator
          </span>
        </div>
        <div
          class="css-wyy442"
        >
          <span
            class="css-1fqqz26"
          >
            Personal Data Manager for GITADORA
          </span>
        </div>
        <div
          class="css-1w7pkgh"
        >
          <button
            class="css-2j4jox"
          >
            GO TO SKILL NAVIGATOR
          </button>
        </div>
      </div>
    </div>
  </div>,
  "debug": [Function],
  "findAllByAltText": [Function],
  "findAllByDisplayValue": [Function],
  "findAllByLabelText": [Function],
  "findAllByPlaceholderText": [Function],
  "findAllByRole": [Function],
  "findAllByTestId": [Function],
  "findAllByText": [Function],
  "findAllByTitle": [Function],
  "findByAltText": [Function],
  "findByDisplayValue": [Function],
  "findByLabelText": [Function],
  "findByPlaceholderText": [Function],
  "findByRole": [Function],
  "findByTestId": [Function],
  "findByText": [Function],
  "findByTitle": [Function],
  "getAllByAltText": [Function],
  "getAllByDisplayValue": [Function],
  "getAllByLabelText": [Function],
  "getAllByPlaceholderText": [Function],
  "getAllByRole": [Function],
  "getAllByTestId": [Function],
  "getAllByText": [Function],
  "getAllByTitle": [Function],
  "getByAltText": [Function],
  "getByDisplayValue": [Function],
  "getByLabelText": [Function],
  "getByPlaceholderText": [Function],
  "getByRole": [Function],
  "getByTestId": [Function],
  "getByText": [Function],
  "getByTitle": [Function],
  "queryAllByAltText": [Function],
  "queryAllByDisplayValue": [Function],
  "queryAllByLabelText": [Function],
  "queryAllByPlaceholderText": [Function],
  "queryAllByRole": [Function],
  "queryAllByTestId": [Function],
  "queryAllByText": [Function],
  "queryAllByTitle": [Function],
  "queryByAltText": [Function],
  "queryByDisplayValue": [Function],
  "queryByLabelText": [Function],
  "queryByPlaceholderText": [Function],
  "queryByRole": [Function],
  "queryByTestId": [Function],
  "queryByText": [Function],
  "queryByTitle": [Function],
  "rerender": [Function],
  "unmount": [Function],
}
`;
